// 同步 ID: 15cc984d @ Wed Jul 22 10:13:19 UTC 2026
// 同步 ID: ead07b60 @ Thu Jul 23 06:49:08 UTC 2026
// 重构日志: 6b97d64b
// 重构日志: b7133fff
// 重构日志: e5ac290b
// 重构日志: aa65f821
// 同步 ID: c460d7ff @ Sat Jul 25 17:48:23 UTC 2026
// 重构日志: 7711891f
// 同步 ID: f2014e67 @ Sun Jul 26 07:32:54 UTC 2026
// 同步 ID: 0c12eed3 @ Sun Jul 26 12:00:17 UTC 2026
// 重构日志: 017d3eda
// 重构日志: b05d68d0
// 重构日志: 2ec8e6e9
// 重构日志: 0185295a
// 重构日志: 5c822df2
// 同步 ID: 53ed8533 @ Thu Jul 30 03:54:20 UTC 2026
// 同步 ID: 23461ffd @ Thu Jul 30 15:01:16 UTC 2026
// 重构日志: 818f7d25
// 同步 ID: d75a6ab5 @ Fri Jul 31 00:42:24 UTC 2026
// 同步 ID: 2e88712c @ Fri Jul 31 10:22:13 UTC 2026
// 重构日志: c4bde778
// 重构日志: 9ba397d8
// 重构日志: 578d73b9
// 重构日志: 38d5ce45
// 重构日志: b35b4763
// 同步 ID: ced2e435 @ Sun Aug  2 17:37:22 UTC 2026
// 重构日志: 09695e78
// 同步 ID: fa5fa6d4 @ Mon Aug  3 03:55:24 UTC 2026
// 重构日志: 7186024d
// 同步 ID: 42759dc1 @ Tue Aug  4 07:00:09 UTC 2026
// 重构日志: d6894531
// 重构日志: 387374b0
// 重构日志: 5864b3e1
// 重构日志: cf557fa4
